// Jest Snapshot v1, https://goo.gl/fbAQLP

exports[`should print expressions 1`] = `
StringBuffer {
  "buffer": "ModuleRoot:
Modules:
  ModuleDeclaration:
  Declarations:
    FunctionDeclaration:
    Name:
      Identifier {main}:
    External: false
    Body:
      StatementBlock:
      Statements:
        BinaryExpression:
        Left:
          LiteralNumber {1}:
        Operator:
          Operator {13: \\"+\\"}:
        Right:
          LiteralNumber {1}:
        CallExpression:
        Target:
          Identifier {call}:
        Arguments:
        ConditionalExpression:
        If:
          Identifier {a}:
        Then:
          Identifier {b}:
        Else:
          CallExpression:
          Target:
            Identifier {c}:
          Arguments:
            BinaryExpression:
            Left:
              LiteralNumber {1}:
            Operator:
              Operator {13: \\"+\\"}:
            Right:
              LiteralNumber {1}:
        Identifier {fooBar}:
        LiteralBoolean {true}:
        LiteralBoolean {false}:
        LiteralNumber {42}:
        BinaryExpression:
        Left:
          LiteralString {Hello World}:
        Operator:
          Operator {14: \\"-\\"}:
        Right:
          LiteralNumber {1}:
        PostfixExpression:
        Target:
          Identifier {n}:
        Operator:
          Operator {6: \\"++\\"}:
        PropertyExpression:
        Target:
          Identifier {a}:
        Property:
          Identifier {b}:
",
  "indents": "",
}
`;
