// Jest Snapshot v1, https://goo.gl/fbAQLP

exports[`AstNode.beginToken/endToken should be set 1`] = `
Array [
  Object {
    "kind": "Identifier",
    "offset": "5 -> 9",
    "value": "main",
  },
  Object {
    "kind": "}",
    "offset": "379 -> 380",
    "value": "}",
  },
  Object {
    "kind": "Identifier",
    "offset": "5 -> 9",
    "value": "main",
  },
  Object {
    "kind": "}",
    "offset": "59 -> 60",
    "value": "}",
  },
  Object {
    "kind": "Identifier",
    "offset": "21 -> 24",
    "value": "rfn",
  },
  Object {
    "kind": ")",
    "offset": "25 -> 26",
    "value": ")",
  },
  Object {
    "kind": "Identifier",
    "offset": "33 -> 36",
    "value": "fn1",
  },
  Object {
    "kind": ")",
    "offset": "38 -> 39",
    "value": ")",
  },
  Object {
    "kind": "Identifier",
    "offset": "37 -> 38",
    "value": "a",
  },
  Object {
    "kind": "Identifier",
    "offset": "37 -> 38",
    "value": "a",
  },
  Object {
    "kind": "Identifier",
    "offset": "46 -> 49",
    "value": "fn2",
  },
  Object {
    "kind": ")",
    "offset": "53 -> 54",
    "value": ")",
  },
  Object {
    "kind": "Identifier",
    "offset": "50 -> 51",
    "value": "a",
  },
  Object {
    "kind": "Identifier",
    "offset": "50 -> 51",
    "value": "a",
  },
  Object {
    "kind": "Identifier",
    "offset": "52 -> 53",
    "value": "b",
  },
  Object {
    "kind": "Identifier",
    "offset": "52 -> 53",
    "value": "b",
  },
  Object {
    "kind": "Identifier",
    "offset": "66 -> 69",
    "value": "rfn",
  },
  Object {
    "kind": "Boolean",
    "offset": "73 -> 77",
    "value": "true",
  },
  Object {
    "kind": "Boolean",
    "offset": "73 -> 77",
    "value": "true",
  },
  Object {
    "kind": "Boolean",
    "offset": "73 -> 77",
    "value": "true",
  },
  Object {
    "kind": "Identifier",
    "offset": "83 -> 86",
    "value": "efn",
  },
  Object {
    "kind": "}",
    "offset": "114 -> 115",
    "value": "}",
  },
  Object {
    "kind": "return",
    "offset": "98 -> 104",
    "value": "return",
  },
  Object {
    "kind": "Boolean",
    "offset": "105 -> 109",
    "value": "true",
  },
  Object {
    "kind": "Boolean",
    "offset": "105 -> 109",
    "value": "true",
  },
  Object {
    "kind": "Boolean",
    "offset": "105 -> 109",
    "value": "true",
  },
  Object {
    "kind": "Identifier",
    "offset": "121 -> 124",
    "value": "fn1",
  },
  Object {
    "kind": "}",
    "offset": "338 -> 339",
    "value": "}",
  },
  Object {
    "kind": "Boolean",
    "offset": "139 -> 143",
    "value": "true",
  },
  Object {
    "kind": "Boolean",
    "offset": "139 -> 143",
    "value": "true",
  },
  Object {
    "kind": "Boolean",
    "offset": "150 -> 155",
    "value": "false",
  },
  Object {
    "kind": "Boolean",
    "offset": "150 -> 155",
    "value": "false",
  },
  Object {
    "kind": "Number",
    "offset": "162 -> 166",
    "value": "-1.5",
  },
  Object {
    "kind": "Number",
    "offset": "162 -> 166",
    "value": "-1.5",
  },
  Object {
    "kind": "Number",
    "offset": "173 -> 175",
    "value": "-1",
  },
  Object {
    "kind": "Number",
    "offset": "173 -> 175",
    "value": "-1",
  },
  Object {
    "kind": "Number",
    "offset": "182 -> 183",
    "value": "0",
  },
  Object {
    "kind": "Number",
    "offset": "182 -> 183",
    "value": "0",
  },
  Object {
    "kind": "Number",
    "offset": "190 -> 191",
    "value": "1",
  },
  Object {
    "kind": "Number",
    "offset": "190 -> 191",
    "value": "1",
  },
  Object {
    "kind": "Number",
    "offset": "198 -> 201",
    "value": "1.5",
  },
  Object {
    "kind": "Number",
    "offset": "198 -> 201",
    "value": "1.5",
  },
  Object {
    "kind": "Number",
    "offset": "208 -> 216",
    "value": "0xAABBCC",
  },
  Object {
    "kind": "Number",
    "offset": "208 -> 216",
    "value": "0xAABBCC",
  },
  Object {
    "kind": "String",
    "offset": "223 -> 236",
    "value": "'Hello World'",
  },
  Object {
    "kind": "String",
    "offset": "223 -> 236",
    "value": "'Hello World'",
  },
  Object {
    "kind": "String",
    "offset": "243 -> 256",
    "value": "\\"Hello World\\"",
  },
  Object {
    "kind": "String",
    "offset": "243 -> 256",
    "value": "\\"Hello World\\"",
  },
  Object {
    "kind": "Identifier",
    "offset": "263 -> 269",
    "value": "fooBar",
  },
  Object {
    "kind": ")",
    "offset": "287 -> 288",
    "value": ")",
  },
  Object {
    "kind": "Boolean",
    "offset": "277 -> 282",
    "value": "false",
  },
  Object {
    "kind": "Boolean",
    "offset": "277 -> 282",
    "value": "false",
  },
  Object {
    "kind": "Boolean",
    "offset": "283 -> 287",
    "value": "true",
  },
  Object {
    "kind": "Boolean",
    "offset": "283 -> 287",
    "value": "true",
  },
  Object {
    "kind": "(",
    "offset": "295 -> 296",
    "value": "(",
  },
  Object {
    "kind": ")",
    "offset": "306 -> 307",
    "value": ")",
  },
  Object {
    "kind": "Boolean",
    "offset": "296 -> 300",
    "value": "true",
  },
  Object {
    "kind": "Boolean",
    "offset": "296 -> 300",
    "value": "true",
  },
  Object {
    "kind": "Boolean",
    "offset": "301 -> 306",
    "value": "false",
  },
  Object {
    "kind": "Boolean",
    "offset": "301 -> 306",
    "value": "false",
  },
  Object {
    "kind": "let",
    "offset": "314 -> 317",
    "value": "let",
  },
  Object {
    "kind": "Boolean",
    "offset": "329 -> 333",
    "value": "true",
  },
  Object {
    "kind": "Boolean",
    "offset": "329 -> 333",
    "value": "true",
  },
  Object {
    "kind": "Boolean",
    "offset": "329 -> 333",
    "value": "true",
  },
  Object {
    "kind": "Identifier",
    "offset": "345 -> 348",
    "value": "fn2",
  },
  Object {
    "kind": "}",
    "offset": "379 -> 380",
    "value": "}",
  },
  Object {
    "kind": "Identifier",
    "offset": "365 -> 366",
    "value": "a",
  },
  Object {
    "kind": "Identifier",
    "offset": "365 -> 366",
    "value": "a",
  },
  Object {
    "kind": "Identifier",
    "offset": "373 -> 374",
    "value": "b",
  },
  Object {
    "kind": "Identifier",
    "offset": "373 -> 374",
    "value": "b",
  },
]
`;
