// Jest Snapshot v1, https://goo.gl/fbAQLP

exports[`PrintTreeVisitor should emit a few more functions 1`] = `
"CompilationUnit
  FunctionDeclaration (name = returnsA)
    LiteralIdentifier: a
  FunctionDeclaration (name = returnsF0)
    InvocationExpression:
      Target:
        LiteralIdentifier: f
      Args:
    FunctionDeclaration (name = returnsF1)
      InvocationExpression:
        Target:
          LiteralIdentifier: f
        Args:
          LiteralNumber: 1
      FunctionDeclaration (name = returnsF2)
        InvocationExpression:
          Target:
            LiteralIdentifier: f
          Args:
            LiteralNumber: 1
            LiteralNumber: 2
        FunctionDeclaration (name = returnsPF)
          ParenthesizedExpression:
            LiteralIdentifier: f
        FunctionDeclaration (name = returnsPF0)
          ParenthesizedExpression:
            InvocationExpression:
              Target:
                LiteralIdentifier: f
              Args:
          FunctionDeclaration (name = returnsExplicit)
            ReturnStatement
              LiteralBoolean: true
"
`;

exports[`PrintTreeVisitor should emit a readable structure for a program 1`] = `
"CompilationUnit
  FunctionDeclaration (name = emptyFunction)
  FunctionDeclaration (name = returnsLiteral)
    LiteralBoolean: true
  FunctionDeclaration (name = hasExpressionBody)
    LiteralNumber: 1
    LiteralNumber: 2
    LiteralNumber: 3
    ParenthesizedExpression:
      LiteralBoolean: true
      LiteralBoolean: false
    ParenthesizedExpression:
      LiteralBoolean: false
      LiteralBoolean: true
    VariableDeclaration (name = isTrue)
      LiteralBoolean: true
  FunctionDeclaration (name = hasInvocationBody)
    InvocationExpression:
      Target:
        LiteralIdentifier: print
      Args:
        LiteralString: Hello World
    FunctionDeclaration (name = hasIfExpression)
      IfExpression
        If
          LiteralIdentifier: a
        Then
          LiteralBoolean: true
        Else
          LiteralBoolean: false
    FunctionDeclaration (name = hasIfStatements)
      IfExpression
        If
          ParenthesizedExpression:
            LiteralBoolean: true
        Then
          InvocationExpression:
            Target:
              LiteralIdentifier: print
            Args:
              LiteralNumber: 1
          Else
            InvocationExpression:
              Target:
                LiteralIdentifier: print
              Args:
                LiteralNumber: 2
          IfExpression
            If
              LiteralBoolean: false
            Then
              LiteralNumber: 3
"
`;
