// Jest Snapshot v1, https://goo.gl/fbAQLP

exports[`should tokenize a simple program 1`] = `
Array [
  Object {
    "col": 1,
    "line": 1,
    "lineBreaks": 0,
    "offset": 0,
    "text": "main",
    "toString": [Function],
    "type": "identifier",
    "value": "main",
  },
  Object {
    "col": 5,
    "line": 1,
    "lineBreaks": 0,
    "offset": 4,
    "text": " ",
    "toString": [Function],
    "type": "whitespace",
    "value": " ",
  },
  Object {
    "col": 6,
    "line": 1,
    "lineBreaks": 0,
    "offset": 5,
    "text": "=>",
    "toString": [Function],
    "type": "arrow",
    "value": "=>",
  },
  Object {
    "col": 8,
    "line": 1,
    "lineBreaks": 0,
    "offset": 7,
    "text": " ",
    "toString": [Function],
    "type": "whitespace",
    "value": " ",
  },
  Object {
    "col": 9,
    "line": 1,
    "lineBreaks": 0,
    "offset": 8,
    "text": "{",
    "toString": [Function],
    "type": "lcurly",
    "value": "{",
  },
  Object {
    "col": 10,
    "line": 1,
    "lineBreaks": 0,
    "offset": 9,
    "text": "}",
    "toString": [Function],
    "type": "rcurly",
    "value": "}",
  },
]
`;
