// Jest Snapshot v1, https://goo.gl/fbAQLP

exports[`JsOutputTranspiler should support "Hello World" 1`] = `
"
      function main() {
        console.log('Hello World');
      }
      main();
    "
`;

exports[`JsOutputTranspiler should support functions with parameters 1`] = `
"
      function print2(a, b) {
        console.log(a);
console.log(b);
      }
      
    "
`;

exports[`JsOutputTranspiler should support most ast nodes 1`] = `
"
      function example() {
        true;
1;
'Hello';
foobar;
method(false);
f(1, 2);
let variable = 5;
      }
      
    "
`;

exports[`JsOutputTranspiler should support parenthesized ast nodes 1`] = `
"
      function example() {
        (true, false);
(false, true);
      }
      
    "
`;
